#
# There is insufficient memory for the Java Runtime Environment to continue.
# Native memory allocation (mmap) failed to map 536870912 bytes for G1 virtual space
# Possible reasons:
#   The system is out of physical RAM or swap space
#   The process is running with CompressedOops enabled, and the Java Heap may be blocking the growth of the native heap
# Possible solutions:
#   Reduce memory load on the system
#   Increase physical memory or swap space
#   Check if swap backing store is full
#   Decrease Java heap size (-Xmx/-Xms)
#   Decrease number of Java threads
#   Decrease Java thread stack sizes (-Xss)
#   Set larger code cache with -XX:ReservedCodeCacheSize=
#   JVM is running with Zero Based Compressed Oops mode in which the Java heap is
#     placed in the first 32GB address space. The Java Heap base address is the
#     maximum limit for the native heap growth. Please use -XX:HeapBaseMinAddress
#     to set the Java Heap base and to place the Java Heap above 32GB virtual address.
# This output file may be truncated or incomplete.
#
#  Out of Memory Error (os_windows.cpp:3600), pid=14556, tid=20056
#
# JRE version:  (21.0.1+12) (build )
# Java VM: OpenJDK 64-Bit Server VM (21.0.1+12-LTS, mixed mode, sharing, tiered, compressed oops, compressed class ptrs, g1 gc, windows-amd64)
# No core dump will be written. Minidumps are not enabled by default on client versions of Windows
#

---------------  S U M M A R Y ------------

Command Line: -Dsun.java2d.pmoffscreen=false -Dhttps.protocols=TLSv1,TLSv1.1,TLSv1.2 -Dsun.java2d.xrender=false -Dsun.java2d.d3d=false -Dsun.awt.nopixfmt=true -Dsun.java2d.dpiaware=true -Dsun.java2d.uiScale.enabled=false -Dswing.aatext=true -XX:-UsePerfData -Djdk.map.althashing.threshold=512 -XX:StringTableSize=4072 -XX:+UseStringDeduplication -XX:MaxGCPauseMillis=200 -XX:+ParallelRefProcEnabled --add-opens=java.desktop/javax.swing.plaf.synth=ALL-UNNAMED --add-opens=java.base/java.nio=ALL-UNNAMED --add-opens=java.desktop/sun.swing=ALL-UNNAMED --add-opens=java.desktop/javax.swing=ALL-UNNAMED --add-opens=java.desktop/javax.swing.tree=ALL-UNNAMED --add-opens=java.desktop/javax.swing.plaf.basic=ALL-UNNAMED --add-opens=java.desktop/javax.swing.plaf.synth=ALL-UNNAMED --add-opens=java.desktop/javax.swing.plaf.basic=ALL-UNNAMED --add-opens=java.desktop/javax.swing=ALL-UNNAMED --add-opens=java.desktop/javax.swing.tree=ALL-UNNAMED --add-opens=java.desktop/java.awt.event=ALL-UNNAMED --add-exports=java.desktop/javax.swing.plaf.synth=ALL-UNNAMED --add-exports=java.base/java.nio=ALL-UNNAMED --add-exports=java.desktop/sun.swing=ALL-UNNAMED --add-exports=java.desktop/javax.swing=ALL-UNNAMED --add-exports=java.desktop/javax.swing.tree=ALL-UNNAMED --add-exports=java.desktop/javax.swing.plaf.basic=ALL-UNNAMED --add-exports=java.desktop/sun.swing=ALL-UNNAMED --add-exports=java.desktop/sun.swing.table=ALL-UNNAMED --add-exports=java.desktop/sun.swing.plaf.synth=ALL-UNNAMED --add-exports=java.desktop/sun.awt.shell=ALL-UNNAMED --add-exports=java.base/sun.security.action=ALL-UNNAMED --add-exports=java.desktop/sun.font=ALL-UNNAMED -XX:NewSize=80m -XX:MaxNewSize=80m -Xms512m -Xmx4072m -Xss10m 

Host: 13th Gen Intel(R) Core(TM) i5-13420H, 12 cores, 15G,  Windows 11 , 64 bit Build 26100 (10.0.26100.4480)
Time: Sat May 30 15:57:41 2026 India Standard Time elapsed time: 0.021604 seconds (0d 0h 0m 0s)

---------------  T H R E A D  ---------------

Current thread (0x00000183becf5870):  JavaThread "Unknown thread" [_thread_in_vm, id=20056, stack(0x00000007dbe00000,0x00000007dbf00000) (1024K)]

Stack: [0x00000007dbe00000,0x00000007dbf00000]
Native frames: (J=compiled Java code, j=interpreted, Vv=VM code, C=native code)
V  [jvm.dll+0x6c7789]
V  [jvm.dll+0x8a2011]
V  [jvm.dll+0x8a44ae]
V  [jvm.dll+0x8a4b83]
V  [jvm.dll+0x27f936]
V  [jvm.dll+0x6c3f05]
V  [jvm.dll+0x6b8bfa]
V  [jvm.dll+0x35363a]
V  [jvm.dll+0x35b1e6]
V  [jvm.dll+0x3ac2be]
V  [jvm.dll+0x3ac568]
V  [jvm.dll+0x32787c]
V  [jvm.dll+0x3283db]
V  [jvm.dll+0x86b0f9]
V  [jvm.dll+0x3b9271]
V  [jvm.dll+0x8532c8]
V  [jvm.dll+0x44cffe]
V  [jvm.dll+0x44ea81]
C  [librdi_commontasks.dll+0xc8e70]
C  [librdi_commontasks.dll+0xc9cf7]
C  [librdi_commontasks.dll+0xa73a9]
C  [librdi_commontasks.dll+0xa6c24]
C  [librdi_commontasks.dll+0xa6edb]
C  [librdi_commontasks.dll+0xa6dd9]
C  [ucrtbase.dll+0x37b0]
C  [KERNEL32.DLL+0x2e8d7]
C  [ntdll.dll+0x3c34c]


---------------  P R O C E S S  ---------------

Threads class SMR info:
_java_thread_list=0x00007ff82e57e088, length=0, elements={
}

Java Threads: ( => current thread )
Total: 0

Other Threads:
  0x00000183beee3bf0 WorkerThread "GC Thread#0"                     [id=24808, stack(0x00000007dbf00000,0x00000007dc000000) (1024K)]
  0x00000183c1d40c50 ConcurrentGCThread "G1 Main Marker"            [id=22748, stack(0x00000007dc000000,0x00000007dc100000) (1024K)]
  0x00000183beee3850 WorkerThread "G1 Conc#0"                       [id=19044, stack(0x00000007dc100000,0x00000007dc200000) (1024K)]

[error occurred during error reporting (printing all threads), id 0xc0000005, EXCEPTION_ACCESS_VIOLATION (0xc0000005) at pc=0x00007ff82dc8a1a7]
VM state: not at safepoint (not fully initialized)

VM Mutex/Monitor currently owned by a thread:  ([mutex/lock_event])
[0x00007ff82e5f1b28] Heap_lock - owner thread: 0x00000183becf5870

Heap address: 0x00000004d6400000, size: 4072 MB, Compressed Oops mode: Zero based, Oop shift amount: 3

CDS archive(s) mapped at: [0x0000000000000000-0x0000000000000000-0x0000000000000000), size 0, SharedBaseAddress: 0x0000000800000000, ArchiveRelocationMode: 1.
Narrow klass base: 0x0000000000000000, Narrow klass shift: 0, Narrow klass range: 0x0

GC Precious Log:
 CardTable entry size: 512
 Card Set container configuration: InlinePtr #cards 4 size 8 Array Of Cards #cards 16 size 48 Howl #buckets 8 coarsen threshold 3686 Howl Bitmap #cards 512 size 80 coarsen threshold 460 Card regions per heap region 1 cards per card region 4096

Heap:
 garbage-first heap   total 0K, used 0K [0x00000004d6400000, 0x00000005d4c00000)
  region size 2048K, 0 young (0K), 0 survivors (0K)

[error occurred during error reporting (printing heap information), id 0xc0000005, EXCEPTION_ACCESS_VIOLATION (0xc0000005) at pc=0x00007ff82e0705d9]
GC Heap History (0 events):
No events

Dll operation events (1 events):
Event: 0.007 Loaded shared library D:\Vivado\2024.1\tps\win64\jre21.0.1_12\bin\java.dll

Deoptimization events (0 events):
No events

Classes loaded (0 events):
No events

Classes unloaded (0 events):
No events

Classes redefined (0 events):
No events

Internal exceptions (0 events):
No events

ZGC Phase Switch (0 events):
No events

VM Operations (0 events):
No events

Events (0 events):
No events


Dynamic libraries:
0x00007ff6d5b00000 - 0x00007ff6d5b1d000 	D:\Vivado\2024.1\bin\unwrapped\win64.o\vivado.exe
0x00007ff937220000 - 0x00007ff937488000 	C:\WINDOWS\SYSTEM32\ntdll.dll
0x00007ff936bc0000 - 0x00007ff936c89000 	C:\WINDOWS\System32\KERNEL32.DLL
0x00007ff934630000 - 0x00007ff934a1d000 	C:\WINDOWS\System32\KERNELBASE.dll
0x00007ff934e70000 - 0x00007ff934fbb000 	C:\WINDOWS\System32\ucrtbase.dll
0x00007ff92b100000 - 0x00007ff92b11c000 	D:\Vivado\2024.1\lib\win64.o\librdi_commonmain.dll
0x00007ff905830000 - 0x00007ff9058b9000 	C:\WINDOWS\SYSTEM32\MSVCP140.dll
0x00007ff911040000 - 0x00007ff91105e000 	C:\WINDOWS\SYSTEM32\VCRUNTIME140.dll
0x00007ff831dd0000 - 0x00007ff8335e3000 	D:\Vivado\2024.1\lib\win64.o\librdi_common.dll
0x00007ff935a50000 - 0x00007ff935c1c000 	C:\WINDOWS\System32\USER32.dll
0x00007ff934600000 - 0x00007ff934627000 	C:\WINDOWS\System32\win32u.dll
0x00007ff834390000 - 0x00007ff8347c0000 	D:\Vivado\2024.1\lib\win64.o\python38.dll
0x00007ff92b0b0000 - 0x00007ff92b0d1000 	D:\Vivado\2024.1\lib\win64.o\libboost_filesystem.dll
0x00007ff935d90000 - 0x00007ff935e44000 	C:\WINDOWS\System32\ADVAPI32.dll
0x00007ff936d80000 - 0x00007ff936dab000 	C:\WINDOWS\System32\GDI32.dll
0x00007ff937080000 - 0x00007ff937129000 	C:\WINDOWS\System32\msvcrt.dll
0x00007ff9344c0000 - 0x00007ff9345f7000 	C:\WINDOWS\System32\gdi32full.dll
0x00007ff936ef0000 - 0x00007ff936f96000 	C:\WINDOWS\System32\sechost.dll
0x00007ff934410000 - 0x00007ff9344b3000 	C:\WINDOWS\System32\msvcp_win.dll
0x00007ff935920000 - 0x00007ff935a38000 	C:\WINDOWS\System32\RPCRT4.dll
0x00007ff934fc0000 - 0x00007ff93502a000 	C:\WINDOWS\System32\SHLWAPI.dll
0x00007ff936470000 - 0x00007ff936bba000 	C:\WINDOWS\System32\SHELL32.dll
0x00007ff9354c0000 - 0x00007ff935534000 	C:\WINDOWS\System32\WS2_32.dll
0x00007ff934b70000 - 0x00007ff934ce4000 	C:\WINDOWS\System32\wintypes.dll
0x00007ff92de30000 - 0x00007ff92de39000 	D:\Vivado\2024.1\lib\win64.o\librdi_commonversion.dll
0x00007ff839950000 - 0x00007ff839b07000 	D:\Vivado\2024.1\lib\win64.o\librdi_commonxillic.dll
0x00007ff8371f0000 - 0x00007ff837391000 	D:\Vivado\2024.1\lib\win64.o\tcl86t.dll
0x00007ff90e310000 - 0x00007ff90e31c000 	C:\WINDOWS\SYSTEM32\VCRUNTIME140_1.dll
0x00007ff834020000 - 0x00007ff83438e000 	D:\Vivado\2024.1\lib\win64.o\libCOIN-all.dll
0x00007ff92b050000 - 0x00007ff92b061000 	D:\Vivado\2024.1\lib\win64.o\libboost_date_time.dll
0x00007ff8e3270000 - 0x00007ff8e3384000 	D:\Vivado\2024.1\lib\win64.o\libboost_regex.dll
0x00007ff916be0000 - 0x00007ff916c5d000 	D:\Vivado\2024.1\lib\win64.o\libboost_program_options.dll
0x00007ff92de00000 - 0x00007ff92de0c000 	D:\Vivado\2024.1\lib\win64.o\libboost_xilinx.dll
0x00007ff935550000 - 0x00007ff9358d6000 	C:\WINDOWS\System32\combase.dll
0x00007ff916bc0000 - 0x00007ff916bdc000 	D:\Vivado\2024.1\lib\win64.o\libboost_thread.dll
0x00007ff934a20000 - 0x00007ff934aa4000 	C:\WINDOWS\System32\WINTRUST.dll
0x00007ff8f9560000 - 0x00007ff8f9605000 	D:\Vivado\2024.1\lib\win64.o\libhdxml.dll
0x00007ff830b80000 - 0x00007ff831dc7800 	D:\Vivado\2024.1\lib\win64.o\libisl_iostreams.dll
0x00007ff916db0000 - 0x00007ff916dda000 	D:\Vivado\2024.1\lib\win64.o\libisl_sysinfo.dll
0x00007ff916ca0000 - 0x00007ff916d05000 	D:\Vivado\2024.1\lib\win64.o\liblmx6.0.dll
0x00007ff916e30000 - 0x00007ff916e4c000 	D:\Vivado\2024.1\lib\win64.o\librdiconfig.dll
0x00007ff894cf0000 - 0x00007ff894da7000 	D:\Vivado\2024.1\lib\win64.o\libzstd.dll
0x00007ff833d50000 - 0x00007ff834011000 	D:\Vivado\2024.1\lib\win64.o\xerces-c_3_2.dll
0x00007ff915d40000 - 0x00007ff915dc2000 	D:\Vivado\2024.1\lib\win64.o\libhdlpsolve.dll
0x00007ff921b00000 - 0x00007ff921b1a000 	C:\WINDOWS\SYSTEM32\NETAPI32.dll
0x00007ff929500000 - 0x00007ff92950b000 	C:\WINDOWS\SYSTEM32\VERSION.dll
0x00007ff9114d0000 - 0x00007ff911759000 	C:\WINDOWS\SYSTEM32\WININET.dll
0x00007ff92baa0000 - 0x00007ff92bbbe000 	C:\WINDOWS\SYSTEM32\WINHTTP.dll
0x00007ff90a5a0000 - 0x00007ff90a784000 	C:\WINDOWS\SYSTEM32\urlmon.dll
0x00007ff833a20000 - 0x00007ff833d4d000 	D:\Vivado\2024.1\lib\win64.o\libXil_lmgr11.dll
0x00007ff934250000 - 0x00007ff934276000 	C:\WINDOWS\SYSTEM32\bcrypt.dll
0x00007ff935e50000 - 0x00007ff935f48000 	C:\WINDOWS\System32\COMDLG32.dll
0x00007ff936df0000 - 0x00007ff936ee5000 	C:\WINDOWS\System32\shcore.dll
0x00007ff933740000 - 0x00007ff93376b000 	C:\WINDOWS\SYSTEM32\USERENV.dll
0x00007ff935f50000 - 0x00007ff936030000 	C:\WINDOWS\System32\OLEAUT32.dll
0x00007ff915730000 - 0x00007ff91575a000 	D:\Vivado\2024.1\lib\win64.o\zlib1.dll
0x00007ff9362c0000 - 0x00007ff93645e000 	C:\WINDOWS\System32\ole32.dll
0x00007ff934cf0000 - 0x00007ff934e67000 	C:\WINDOWS\System32\CRYPT32.dll
0x00007ff916500000 - 0x00007ff916530000 	C:\WINDOWS\SYSTEM32\VCOMP140.DLL
0x00007ff8ff4f0000 - 0x00007ff8ff4fa000 	C:\WINDOWS\SYSTEM32\WSOCK32.dll
0x00007ff92b030000 - 0x00007ff92b04a000 	D:\Vivado\2024.1\lib\win64.o\pthreadVC2.dll
0x00007ff915710000 - 0x00007ff91572c000 	D:\Vivado\2024.1\lib\win64.o\libboost_iostreams.dll
0x00007ff9156e0000 - 0x00007ff915704000 	D:\Vivado\2024.1\lib\win64.o\libisl_iosutils.dll
0x00007ff931fa0000 - 0x00007ff9327fb000 	C:\WINDOWS\SYSTEM32\windows.storage.dll
0x00007ff916150000 - 0x00007ff91641b000 	C:\WINDOWS\SYSTEM32\iertutil.dll
0x00007ff916ee0000 - 0x00007ff916f94000 	C:\WINDOWS\WinSxS\amd64_microsoft.windows.common-controls_6595b64144ccf1df_5.82.26100.4480_none_87ef478f7a2c967e\COMCTL32.dll
0x00007ff92bce0000 - 0x00007ff92bd05000 	C:\WINDOWS\SYSTEM32\dhcpcsvc.DLL
0x00007ff9156c0000 - 0x00007ff9156d9000 	D:\Vivado\2024.1\lib\win64.o\librdizlib.dll
0x00007ff932af0000 - 0x00007ff932afd000 	C:\WINDOWS\SYSTEM32\netutils.dll
0x00007ff916de0000 - 0x00007ff916e09000 	C:\WINDOWS\SYSTEM32\srvcli.dll
0x00007ff82ec60000 - 0x00007ff830b77000 	D:\Vivado\2024.1\lib\win64.o\gurobi90.dll
0x00007ff936ca0000 - 0x00007ff936d1d000 	C:\WINDOWS\System32\WLDAP32.dll
0x00007ff933450000 - 0x00007ff933496000 	C:\WINDOWS\SYSTEM32\LOGONCLI.DLL
0x00007ff936de0000 - 0x00007ff936de8000 	C:\WINDOWS\System32\Normaliz.dll
0x00007ff932ad0000 - 0x00007ff932aeb000 	C:\WINDOWS\SYSTEM32\SAMCLI.DLL
0x00007ff9336a0000 - 0x00007ff93370a000 	C:\WINDOWS\SYSTEM32\MSWSOCK.DLL
0x00007ff9358e0000 - 0x00007ff93590f000 	C:\WINDOWS\System32\IMM32.DLL
0x00007ff9339c0000 - 0x00007ff9339d3000 	C:\WINDOWS\SYSTEM32\MSASN1.dll
0x00007ff933950000 - 0x00007ff93396b000 	C:\WINDOWS\SYSTEM32\CRYPTSP.dll
0x00007ff933080000 - 0x00007ff9330ba000 	C:\WINDOWS\system32\rsaenh.dll
0x00007ff933120000 - 0x00007ff93313b000 	C:\WINDOWS\SYSTEM32\kernel.appcore.dll
0x00007ff933970000 - 0x00007ff93397c000 	C:\WINDOWS\SYSTEM32\CRYPTBASE.dll
0x00007ff934370000 - 0x00007ff934409000 	C:\WINDOWS\System32\bcryptPrimitives.dll
0x00007ff936db0000 - 0x00007ff936dd0000 	C:\WINDOWS\System32\imagehlp.dll
0x00007ff82e6e0000 - 0x00007ff82ec56000 	D:\Vivado\2024.1\lib\win64.o\librdi_commontasks.dll
0x00007ff82d950000 - 0x00007ff82e6d1000 	D:\Vivado\2024.1\tps\win64\jre21.0.1_12\bin\server\jvm.dll
0x00007ff82d620000 - 0x00007ff82d94e600 	D:\Vivado\2024.1\lib\win64.o\librdi_sio.dll
0x00007ff933b50000 - 0x00007ff933bae000 	C:\WINDOWS\SYSTEM32\POWRPROF.dll
0x00007ff926420000 - 0x00007ff926455000 	C:\WINDOWS\SYSTEM32\WINMM.dll
0x00007ff932b80000 - 0x00007ff932bb3000 	C:\WINDOWS\SYSTEM32\IPHLPAPI.DLL
0x00007ff933b30000 - 0x00007ff933b44000 	C:\WINDOWS\SYSTEM32\UMPDC.dll
0x00007ff9333d0000 - 0x00007ff933419000 	C:\WINDOWS\SYSTEM32\SspiCli.dll
0x00007ff8a0ad0000 - 0x00007ff8a0ae8000 	C:\WINDOWS\system32\napinsp.dll
0x00007ff932c20000 - 0x00007ff932d46000 	C:\WINDOWS\SYSTEM32\DNSAPI.dll
0x00007ff935a40000 - 0x00007ff935a4a000 	C:\WINDOWS\System32\NSI.dll
0x00007ff8a0af0000 - 0x00007ff8a0b02000 	C:\WINDOWS\System32\winrnr.dll
0x00007ff8a0b10000 - 0x00007ff8a0b40000 	C:\WINDOWS\system32\nlansp_c.dll
0x00007ff8f8990000 - 0x00007ff8f89b0000 	C:\WINDOWS\system32\wshbth.dll
0x00007ff929c30000 - 0x00007ff929c4b000 	C:\WINDOWS\SYSTEM32\wkscli.dll
0x00007ff905960000 - 0x00007ff905973000 	C:\WINDOWS\SYSTEM32\cscapi.dll
0x00007ff8276b0000 - 0x00007ff82a5ec000 	D:\Vivado\2024.1\lib\win64.o\librdi_tcltasks.dll
0x00007ff82d130000 - 0x00007ff82d620000 	D:\Vivado\2024.1\lib\win64.o\librdi_bitstream.dll
0x00007ff9146a0000 - 0x00007ff9146e4000 	D:\Vivado\2024.1\lib\win64.o\libboost_serialization.dll
0x00007ff835ee0000 - 0x00007ff8360e1000 	D:\Vivado\2024.1\lib\win64.o\librdi_board.dll
0x00007ff836290000 - 0x00007ff8363b3000 	D:\Vivado\2024.1\lib\win64.o\librdi_chipscope.dll
0x00007ff82cf20000 - 0x00007ff82d125000 	D:\Vivado\2024.1\lib\win64.o\librdi_chipscopeimpl.dll
0x00007ff824b60000 - 0x00007ff8276a7000 	D:\Vivado\2024.1\lib\win64.o\librdi_constraints.dll
0x00007ff8d6ef0000 - 0x00007ff8d6f73000 	D:\Vivado\2024.1\lib\win64.o\librdi_boarddep.dll
0x00007ff8223e0000 - 0x00007ff824b55000 	D:\Vivado\2024.1\lib\win64.o\librdi_coregen.dll
0x00007ff820490000 - 0x00007ff8223d6000 	D:\Vivado\2024.1\lib\win64.o\librdi_designutils.dll
0x00007ff82cdb0000 - 0x00007ff82cf1e000 	D:\Vivado\2024.1\lib\win64.o\librdi_containers.dll
0x00007ff82b770000 - 0x00007ff82cdab000 	D:\Vivado\2024.1\lib\win64.o\librdi_device.dll
0x00007ff81fd10000 - 0x00007ff820482000 	D:\Vivado\2024.1\lib\win64.o\librdi_drc.dll
0x00007ff9118d0000 - 0x00007ff9118e3000 	D:\Vivado\2024.1\lib\win64.o\librdi_dfx.dll
0x00007ff82b390000 - 0x00007ff82b762000 	D:\Vivado\2024.1\lib\win64.o\librdi_dlyest.dll
0x00007ff894c30000 - 0x00007ff894ce4000 	D:\Vivado\2024.1\lib\win64.o\librdi_dsp.dll
0x00007ff81f4c0000 - 0x00007ff81fd0e000 	D:\Vivado\2024.1\lib\win64.o\librdi_filemgmt.dll
0x00007ff8db6e0000 - 0x00007ff8db749000 	D:\Vivado\2024.1\lib\win64.o\librdi_hdf.dll
0x00007ff81a900000 - 0x00007ff81ac12000 	D:\Vivado\2024.1\lib\win64.o\librdi_hip_devdesign.dll
0x00007ff82a670000 - 0x00007ff82a7c0000 	D:\Vivado\2024.1\lib\win64.o\librdi_hip_perf_analysis.dll
0x00007ff818bd0000 - 0x00007ff81a01f000 	D:\Vivado\2024.1\lib\win64.o\librdi_implflow.dll
0x00007ff8176e0000 - 0x00007ff818564000 	D:\Vivado\2024.1\lib\win64.o\librdi_ippcw.dll
0x00007ff81a020000 - 0x00007ff81a8fa000 	D:\Vivado\2024.1\lib\win64.o\librdi_lopt.dll
0x00007ff818570000 - 0x00007ff818bc6000 	D:\Vivado\2024.1\lib\win64.o\librdi_memdata.dll
0x00007ff8b8b60000 - 0x00007ff8b8bdf000 	D:\Vivado\2024.1\lib\win64.o\librdi_memoryarray.dll
0x00007ff814c00000 - 0x00007ff8176de000 	D:\Vivado\2024.1\lib\win64.o\librdi_mig.dll
0x00007ff8143f0000 - 0x00007ff814bf3000 	D:\Vivado\2024.1\lib\win64.o\librdi_netlist.dll
0x00007ff893b20000 - 0x00007ff893b98000 	D:\Vivado\2024.1\lib\win64.o\librdi_noc_frameworks.dll

dbghelp: loaded successfully - version: 4.0.5 - missing functions: none
symbol engine: initialized successfully - sym options: 0x614 - pdb path: .;D:\Vivado\2024.1\bin\unwrapped\win64.o;C:\WINDOWS\SYSTEM32;D:\Vivado\2024.1\lib\win64.o;C:\WINDOWS\WinSxS\amd64_microsoft.windows.common-controls_6595b64144ccf1df_5.82.26100.4480_none_87ef478f7a2c967e;D:\Vivado\2024.1\tps\win64\jre21.0.1_12\bin\server;D:\Vivado\2024.1\tps\win64\jre21.0.1_12\bin

VM Arguments:
jvm_args: -Dsun.java2d.pmoffscreen=false -Dhttps.protocols=TLSv1,TLSv1.1,TLSv1.2 -Dsun.java2d.xrender=false -Dsun.java2d.d3d=false -Dsun.awt.nopixfmt=true -Dsun.java2d.dpiaware=true -Dsun.java2d.uiScale.enabled=false -Dswing.aatext=true -XX:-UsePerfData -Djdk.map.althashing.threshold=512 -XX:StringTableSize=4072 -XX:+UseStringDeduplication -XX:MaxGCPauseMillis=200 -XX:+ParallelRefProcEnabled --add-opens=java.desktop/javax.swing.plaf.synth=ALL-UNNAMED --add-opens=java.base/java.nio=ALL-UNNAMED --add-opens=java.desktop/sun.swing=ALL-UNNAMED --add-opens=java.desktop/javax.swing=ALL-UNNAMED --add-opens=java.desktop/javax.swing.tree=ALL-UNNAMED --add-opens=java.desktop/javax.swing.plaf.basic=ALL-UNNAMED --add-opens=java.desktop/javax.swing.plaf.synth=ALL-UNNAMED --add-opens=java.desktop/javax.swing.plaf.basic=ALL-UNNAMED --add-opens=java.desktop/javax.swing=ALL-UNNAMED --add-opens=java.desktop/javax.swing.tree=ALL-UNNAMED --add-opens=java.desktop/java.awt.event=ALL-UNNAMED --add-exports=java.desktop/javax.swing.plaf.synth=ALL-UNNAMED --add-exports=java.base/java.nio=ALL-UNNAMED --add-exports=java.desktop/sun.swing=ALL-UNNAMED --add-exports=java.desktop/javax.swing=ALL-UNNAMED --add-exports=java.desktop/javax.swing.tree=ALL-UNNAMED --add-exports=java.desktop/javax.swing.plaf.basic=ALL-UNNAMED --add-exports=java.desktop/sun.swing=ALL-UNNAMED --add-exports=java.desktop/sun.swing.table=ALL-UNNAMED --add-exports=java.desktop/sun.swing.plaf.synth=ALL-UNNAMED --add-exports=java.desktop/sun.awt.shell=ALL-UNNAMED --add-exports=java.base/sun.security.action=ALL-UNNAMED --add-exports=java.desktop/sun.font=ALL-UNNAMED -XX:NewSize=80m -XX:MaxNewSize=80m -Xms512m -Xmx4072m -Xss10m 
java_command: <unknown>
java_class_path (initial): D:/Vivado/2024.1\lib\classes\alloy.jar;D:/Vivado/2024.1\lib\classes\asm-9.6.jar;D:/Vivado/2024.1\lib\classes\asm-analysis-9.6.jar;D:/Vivado/2024.1\lib\classes\asm-commons-9.6.jar;D:/Vivado/2024.1\lib\classes\asm-tree-9.6.jar;D:/Vivado/2024.1\lib\classes\autoesl-models.jar;D:/Vivado/2024.1\lib\classes\batik-anim.jar;D:/Vivado/2024.1\lib\classes\batik-awt-util.jar;D:/Vivado/2024.1\lib\classes\batik-bridge.jar;D:/Vivado/2024.1\lib\classes\batik-codec.jar;D:/Vivado/2024.1\lib\classes\batik-constants.jar;D:/Vivado/2024.1\lib\classes\batik-css.jar;D:/Vivado/2024.1\lib\classes\batik-dom.jar;D:/Vivado/2024.1\lib\classes\batik-ext.jar;D:/Vivado/2024.1\lib\classes\batik-gui-util.jar;D:/Vivado/2024.1\lib\classes\batik-gvt.jar;D:/Vivado/2024.1\lib\classes\batik-i18n.jar;D:/Vivado/2024.1\lib\classes\batik-parser.jar;D:/Vivado/2024.1\lib\classes\batik-script.jar;D:/Vivado/2024.1\lib\classes\batik-svg-dom.jar;D:/Vivado/2024.1\lib\classes\batik-svggen.jar;D:/Vivado/2024.1\lib\classes\batik-swing.jar;D:/Vivado/2024.1\lib\classes\batik-transcoder.jar;D:/Vivado/2024.1\lib\classes\batik-util.jar;D:/Vivado/2024.1\lib\classes\batik-xml.jar;D:/Vivado/2024.1\lib\classes\com.fasterxml.jackson.core.jackson-annotations_2.12.1.v20210128-1726.jar;D:/Vivado/2024.1\lib\classes\com.fasterxml.jackson.core.jackson-core_2.12.1.v20210128-1726.jar;D:/Vivado/2024.1\lib\classes\com.fasterxml.jackson.core.jackson-databind_2.12.1.v20210128-1726.jar;D:/Vivado/2024.1\lib\classes\com.google.gson_2.8.9.v20220111-1409.jar;D:/Vivado/2024.1\lib\classes\com.google.guava_30.1.0.v20210127-2300.jar;D:/Vivado/2024.1\lib\classes\com.sigasi.hdt.connection_4.17.2.202304211001.jar;D:/Vivado/2024.1\lib\classes\com.sigasi.hdt.epl_4.17.2.202304211001.jar;D:/Vivado/2024.1\lib\classes\com.sigasi.hdt.project_4.17.2.202304211001.jar;D:/Vivado/2024.1\lib\classes\com.sigasi.hdt.readonlyfilesystem_4.17.2.202304211001.jar;D:/Vivado/2024.1\lib\classes\com.sigasi.hdt.shared_4.17.2.202304211001.jar;D:/Vivado/2024.1\lib\classes\com.sigasi.lcm_4.17.2.202304211001.jar;D:/Vivado/2024.1\lib\classes\com.sigasi.lsp.server.extensions_4.17.2.202304211001.jar;D:/Vivado/2024.1\lib\classes\com.sigasi.sdk.client_1.5.0.202304211001.jar;D:/Vivado/2024.1\lib\classes\commons-collections4-4.1.jar;D:/Vivado/2024.1\lib\classes\commons-compress-1.21.jar;D:/Vivado/2024.1\lib\classes\commons-io-2.15.0.jar;D:/Vivado/2024.1\lib\classes\commons-io-2.6.jar;D:/Vivado/2024.1\lib\classes\commons-lang3-3.14.0.jar;D:/Vivado/2024.1\lib\classes\commons-math-2.2.jar;D:/Vivado/2024.1\lib\classes\Dispatch.jar;D:/Vivado/2024.1\lib\classes\DispatchClient.jar;D:/Vivado/2024.1\lib\classes\DispatchClientEx.jar;D:/Vivado/2024.1\lib\classes\dom4j-1.6.1.jar;D:/Vivado/2024.1\lib\classes\FrankFrameworks.jar;D:/Vivado/2024.1\lib\classes\FrankFrameworksTest.jar;D:/Vivado/2024.1\lib\classes\help.jar;D:/Vivado/2024.1\lib\classes\hsqldb.jar;D:/Vivado/2024.1\lib\classes\jakarta.annotation-api-2.1.0.jar;D:/Vivado/2024.1\lib\classes\jakarta.json-2.0.0-RC2.jar;D:/Vivado/2024.1\lib\classes\jakarta.json-api-2.0.0-RC2.jar;D:/Vivado/2024.1\lib\classes\jakarta.transaction-api-2.0.0.jar;D:/Vivado/2024.1\lib\classes\jaxb-api-2.3.0.jar;D:/Vivado/2024.1\lib\classes\jericho-html-3.4.jar;D:/Vivado/2024.1\lib\classes\jetty-jakarta-servlet-api-5.0.2.jar;D:/Vivado/2024.1\lib\classes\jh.jar;D:/Vivado/2024.1\lib\classes\jide-action.jar;D:/Vivado/2024.1\lib\classes\jide-charts.jar;D:/Vivado/2024.1\lib\classes\jide-common.jar;D:/Vivado/2024.1\lib\classes\jide-components.jar;D:/Vivado/2024.1\lib\classes\jide-dashboard.jar;D:/Vivado/2024.1\lib\classes\jide-data.jar;D:/Vivado/2024.1\lib\classes\jide-dialogs.jar;D:/Vivado/2024.1\lib\classes\jide-diff.jar;D:/Vivado/2024.1\lib\classes\jide-dock.jar;D:/Vivado/2024.1\lib\classes\jide-editor.jar;D:/Vivado/2024.1\lib\classes\jide-gantt.jar;D:/Vivado/2024.1\lib\classes\jide-grids.jar;D:/Vivado/2024.1\lib\classes\jide-pivot.jar;D:/Vivado/2024.1\lib\classes\jide-plaf-jdk7.jar;D:/Vivado/2024.1\lib\classes\jide-properties.jar;D:/Vivado/2024.1\lib\classes\jide-shortcut.jar;D:/Vivado/2024.1\lib\classes\jide-treemap.jar;D:/Vivado/2024.1\lib\classes\JRCClient.jar;D:/Vivado/2024.1\lib\classes\JRCClientEx.jar;D:/Vivado/2024.1\lib\classes\junit-jupiter-5.4.2.jar;D:/Vivado/2024.1\lib\classes\junit-jupiter-api-5.4.2.jar;D:/Vivado/2024.1\lib\classes\junit-jupiter-engine-5.4.2.jar;D:/Vivado/2024.1\lib\classes\junit-jupiter-migrationsupport-5.4.2.jar;D:/Vivado/2024.1\lib\classes\junit-jupiter-params-5.4.2.jar;D:/Vivado/2024.1\lib\classes\junit-platform-commons-1.4.2.jar;D:/Vivado/2024.1\lib\classes\junit-platform-console-1.4.2.jar;D:/Vivado/2024.1\lib\classes\junit-platform-console-standalone-1.4.2.jar;D:/Vivado/2024.1\lib\classes\junit-platform-engine-1.4.2.jar;D:/Vivado/2024.1\lib\classes\junit-platform-launcher-1.4.2.jar;D:/Vivado/2024.1\lib\classes\junit-platform-reporting-1.4.2.jar;D:/Vivado/2024.1\lib\classes\junit-platform-runner-1.4.2.jar;D:/Vivado/2024.1\lib\classes\junit-platform-suite-api-1.4.2.jar;D:/Vivado/2024.1\lib\classes\junit-platform-testkit-1.4.2.jar;D:/Vivado/2024.1\lib\classes\junit-vintage-engine-5.4.2.jar;D:/Vivado/2024.1\lib\classes\justify-3.0.0-RC2.jar;D:/Vivado/2024.1\lib\classes\jydocking.jar;D:/Vivado/2024.1\lib\classes\jytable.jar;D:/Vivado/2024.1\lib\classes\jywidgets.jar;D:/Vivado/2024.1\lib\classes\log4j-1.2-api-2.17.1.jar;D:/Vivado/2024.1\lib\classes\log4j-api-2.17.1.jar;D:/Vivado/2024.1\lib\classes\log4j-core-2.17.1.jar;D:/Vivado/2024.1\lib\classes\lucene-analyzers-common-4.10.2.jar;D:/Vivado/2024.1\lib\classes\lucene-core-4.10.2.jar;D:/Vivado/2024.1\lib\classes\lucene-queryparser-4.10.2.jar;D:/Vivado/2024.1\lib\classes\methodologies.jar;D:/Vivado/2024.1\lib\classes\miglayout-3.7.3.1-sources.jar;D:/Vivado/2024.1\lib\classes\miglayout-3.7.3.1-swing.jar;D:/Vivado/2024.1\lib\classes\Nlview.jar;D:/Vivado/2024.1\lib\classes\org.apache.commons.lang_2.6.0.v201404270220.jar;D:/Vivado/2024.1\lib\classes\org.eclipse.core.commands-3.6.0.jar;D:/Vivado/2024.1\lib\classes\org.eclipse.core.filesystem_1.7.400.v20190518-1151.jar;D:/Vivado/2024.1\lib\classes\org.eclipse.core.jobs_3.10.400.v20190506-1457.jar;D:/Vivado/2024.1\lib\classes\org.eclipse.core.resources_3.13.400.v20190505-1655.jar;D:/Vivado/2024.1\lib\classes\org.eclipse.emf.common_2.18.0.v20191225-1014.jar;D:/Vivado/2024.1\lib\classes\org.eclipse.emf.common_2.24.0.v20220123-0838.jar;D:/Vivado/2024.1\lib\classes\org.eclipse.emf.ecore.xmi_2.16.0.v20190528-0725.jar;D:/Vivado/2024.1\lib\classes\org.eclipse.emf.ecore_2.21.0.v20200127-1342.jar;D:/Vivado/2024.1\lib\classes\org.eclipse.equinox.common_3.11.0.v20200206-0817.jar;D:/Vivado/2024.1\lib\classes\org.eclipse.equinox.registry_3.8.400.v20190516-1504.jar;D:/Vivado/2024.1\lib\classes\org.eclipse.jetty.alpn.client_11.0.18.jar;D:/Vivado/2024.1\lib\classes\org.eclipse.jetty.annotations_11.0.18.jar;D:/Vivado/2024.1\lib\classes\org.eclipse.jetty.client_11.0.18.jar;D:/Vivado/2024.1\lib\classes\org.eclipse.jetty.http_11.0.18.jar;D:/Vivado/2024.1\lib\classes\org.eclipse.jetty.io_11.0.18.jar;D:/Vivado/2024.1\lib\classes\org.eclipse.jetty.jndi_11.0.18.jar;D:/Vivado/2024.1\lib\classes\org.eclipse.jetty.plus_11.0.18.jar;D:/Vivado/2024.1\lib\classes\org.eclipse.jetty.security_11.0.18.jar;D:/Vivado/2024.1\lib\classes\org.eclipse.jetty.server_11.0.18.jar;D:/Vivado/2024.1\lib\classes\org.eclipse.jetty.servlet_11.0.18.jar;D:/Vivado/2024.1\lib\classes\org.eclipse.jetty.util_11.0.18.jar;D:/Vivado/2024.1\lib\classes\org.eclipse.jetty.webapp_11.0.18.jar;D:/Vivado/2024.1\lib\classes\org.eclipse.jetty.websocket.api_11.0.18.jar;D:/Vivado/2024.1\lib\classes\org.eclipse.jetty.websocket.client_11.0.18.jar;D:/Vivado/2024.1\lib\classes\org.eclipse.jetty.websocket.common_11.0.18.jar;D:/Vivado/2024.1\lib\classes\org.eclipse.jetty.websocket.core.client_11.0.18.jar;D:/Vivado/2024.1\lib\classes\org.eclipse.jetty.websocket.core.common_11.0.18.jar;D:/Vivado/2024.1\lib\classes\org.eclipse.jetty.websocket.core.server_11.0.18.jar;D:/Vivado/2024.1\lib\classes\org.eclipse.jetty.websocket.server_11.0.18.jar;D:/Vivado/2024.1\lib\classes\org.eclipse.jetty.websocket.servlet_11.0.18.jar;D:/Vivado/2024.1\lib\classes\org.eclipse.jetty.xml_11.0.18.jar;D:/Vivado/2024.1\lib\classes\org.eclipse.lsp4j.jsonrpc_0.12.0.v20210402-1305.jar;D:/Vivado/2024.1\lib\classes\org.eclipse.lsp4j_0.12.0.v20210402-1305.jar;D:/Vivado/2024.1\lib\classes\org.eclipse.xtext.util_2.18.0.v20190603-1042.jar;D:/Vivado/2024.1\lib\classes\org.eclipse.xtext.util_2.26.0.v20220228-0751.jar;D:/Vivado/2024.1\lib\classes\org.eclipse.xtext.xbase.lib_2.26.0.v20220228-0748.jar;D:/Vivado/2024.1\lib\classes\picocli-4.1.2.jar;D:/Vivado/2024.1\lib\classes\planAhead.jar;D:/Vivado/2024.1\lib\classes\poi-4.1.1.jar;D:/Vivado/2024.1\lib\classes\poi-ooxml-4.1.1.jar;D:/Vivado/2024.1\lib\classes\poi-ooxml-schemas-4.1.1.jar;D:/Vivado/2024.1\lib\classes\protobuf-java-3.21.12.jar;D:/Vivado/2024.1\lib\classes\protobuf-java-util-3.21.12.jar;D:/Vivado/2024.1\lib\classes\relnotes.jar;D:/Vivado/2024.1\lib\classes\RuleService.jar;D:/Vivado/2024.1\lib\classes\slf4j-api-2.0.9.jar;D:/Vivado/2024.1\lib\classes\swingx-core-1.6.2.jar;D:/Vivado/2024.1\lib\classes\synthetica.jar;D:/Vivado/2024.1\lib\classes\syntheticaAddons.jar;D:/Vivado/2024.1\lib\classes\syntheticaDark.jar;D:/Vivado/2024.1\lib\classes\syntheticaDarkAddon.jar;D:/Vivado/2024.1\lib\classes\syntheticaPlain.jar;D:/Vivado/2024.1\lib\classes\syntheticaPlainAddon.jar;D:/Vivado/2024.1\lib\classes\sysgen.jar;D:/Vivado/2024.1\lib\classes\tutorial.jar;D:/Vivado/2024.1\lib\classes\userguide.jar;D:/Vivado/2024.1\lib\classes\VlmGUI.jar;D:/Vivado/2024.1\lib\classes\xml-apis-ext.jar;D:/Vivado/2024.1\lib\classes\xmlbeans-3.1.0.jar;D:/Vivado/2024.1\lib\classes\xmlgraphics-commons.jar;D:/Vivado/2024.1\lib\classes\yfiles-for-java-swing.jar;D:/Vivado/2024.1\lib\classes\windows\gluegen-rt-natives-windows-amd64.jar;D:/Vivado/2024.1\lib\classes\windows\gluegen-rt.jar;D:/Vivado/2024.1\lib\classes\windows\javafx-swt.jar;D:/Vivado/2024.1\lib\classes\windows\javafx.base.jar;D:/Vivado/2024.1\lib\classes\windows\javafx.controls.jar;D:/Vivado/2024.1\lib\classes\windows\javafx.fxml.jar;D:/Vivado/2024.1\lib\classes\windows\javafx.graphics.jar;D:/Vivado/2024.1\lib\classes\windows\javafx.media.jar;D:/Vivado/2024.1\lib\classes\windows\javafx.swing.jar;D:/Vivado/2024.1\lib\classes\windows\javafx.web.jar;D:/Vivado/2024.1\lib\classes\windows\jcef-tests.jar;D:/Vivado/2024.1\lib\classes\windows\jcef.jar;D:/Vivado/2024.1\lib\classes\windows\jogl-all-natives-windows-amd64.jar;D:/Vivado/2024.1\lib\classes\windows\jogl-all.jar
Launcher Type: generic

[Global flags]
     intx CICompilerCount                          = 4                                         {product} {ergonomic}
     uint ConcGCThreads                            = 3                                         {product} {ergonomic}
     uint G1ConcRefinementThreads                  = 10                                        {product} {ergonomic}
   size_t G1HeapRegionSize                         = 2097152                                   {product} {ergonomic}
    uintx GCDrainStackTargetSize                   = 64                                        {product} {ergonomic}
   size_t InitialHeapSize                          = 536870912                                 {product} {command line}
   size_t MarkStackSize                            = 4194304                                   {product} {ergonomic}
    uintx MaxGCPauseMillis                         = 200                                       {product} {command line}
   size_t MaxHeapSize                              = 4269801472                                {product} {command line}
   size_t MaxNewSize                               = 83886080                                  {product} {command line}
   size_t MinHeapDeltaBytes                        = 2097152                                   {product} {ergonomic}
   size_t MinHeapSize                              = 536870912                                 {product} {command line}
   size_t NewSize                                  = 83886080                                  {product} {command line}
    uintx NonNMethodCodeHeapSize                   = 5839372                                {pd product} {ergonomic}
    uintx NonProfiledCodeHeapSize                  = 122909434                              {pd product} {ergonomic}
     bool ParallelRefProcEnabled                   = true                                      {product} {command line}
    uintx ProfiledCodeHeapSize                     = 122909434                              {pd product} {ergonomic}
    uintx ReservedCodeCacheSize                    = 251658240                              {pd product} {ergonomic}
     bool SegmentedCodeCache                       = true                                      {product} {ergonomic}
   size_t SoftMaxHeapSize                          = 4269801472                             {manageable} {ergonomic}
    uintx StringTableSize                          = 4072                                      {product} {command line}
     intx ThreadStackSize                          = 10240                                  {pd product} {command line}
     bool UseCompressedOops                        = true                           {product lp64_product} {ergonomic}
     bool UseG1GC                                  = true                                      {product} {ergonomic}
     bool UseLargePagesIndividualAllocation        = false                                  {pd product} {ergonomic}
     bool UsePerfData                              = false                                     {product} {command line}
     bool UseStringDeduplication                   = true                                      {product} {command line}

Logging:
Log output configuration:
 #0: stdout all=warning uptime,level,tags foldmultilines=false
 #1: stderr all=off uptime,level,tags foldmultilines=false

Environment Variables:
PATH=D:/Vivado/2024.1/bin;D:/Vivado/2024.1/tps/win64/java-cef-95.0.4638.69/bin/lib/win64;D:/Vivado/2024.1/tps/win64/javafx-sdk-21.0.1/lib;D:/Vivado/2024.1/tps/win64/javafx-sdk-21.0.1/bin;D:/Vivado/2024.1/lib/win64.o;D:/Vivado/2024.1/tps/win64/jre21.0.1_12/bin/server;D:/Vivado/2024.1/tps/win64/jre21.0.1_12/bin;D:/Vivado/2024.1/ids_lite/ISE/bin/nt64;D:/Vivado/2024.1/ids_lite/ISE/lib/nt64;D:/Vitis_HLS/2024.1/bin;D:\bin\;C:\Program Files\Python313\Scripts\;C:\Program Files\Python313\;C:\windows\system32;C:\windows;C:\windows\System32\Wbem;C:\windows\System32\WindowsPowerShell\v1.0\;C:\windows\System32\OpenSSH\;C:\Program Files (x86)\NVIDIA Corporation\PhysX\Common;C:\Program Files\NVIDIA Corporation\NVIDIA NvDLISR;C:\Users\Administrator\AppData\Local\Microsoft\WindowsApps;C:\Program Files\HP\OMEN-Broadcast\Common;C:\Program Files\Git\cmd;D:\Program Files\nodejs\;C:\ProgramData\chocolatey\bin;C:\Program Files\dotnet\;C:\Users\manah\AppData\Roaming\Python\Python312\Scripts\labelme.exe;C:\Users\manah\AppData\Local\Programs\Microsoft VS Code\bin;C:\Users\manah\AppData\Roaming\npm;D:\modelsim_ase\win32aloem;D:\intelFPGA\20.1\modelsim_ase\win32aloem;D:\intelFPGA\16.1\modelsim_ase\win32aloem;D:\Quat\modelsim_ase\win32aloem;D:/Vivado/2024.1\tps\mingw\6.2.0\win64.o\nt\bin;D:/Vivado/2024.1\tps\mingw\6.2.0\win64.o\nt\libexec\gcc\x86_64-w64-mingw32\6.2.0;D:/Vivado/2024.1\tps\win64\python-3.8.3;D:/Vivado/2024.1\tps\win64\python-3.8.3\bin;D:/Vivado/2024.1\tps\win64\python-3.8.3\lib;D:/Vivado/2024.1\tps\win64\python-3.8.3\lib\site-packages
USERNAME=manah
OS=Windows_NT
PROCESSOR_IDENTIFIER=Intel64 Family 6 Model 186 Stepping 2, GenuineIntel
TMP=C:\Users\manah\AppData\Local\Temp
TEMP=C:\Users\manah\AppData\Local\Temp




Periodic native trim disabled

---------------  S Y S T E M  ---------------

OS:
 Windows 11 , 64 bit Build 26100 (10.0.26100.4480)
OS uptime: 2 days 13:46 hours
Hyper-V role detected

CPU: total 12 (initial active 12) (6 cores per cpu, 2 threads per core) family 6 model 186 stepping 2 microcode 0x4128, cx8, cmov, fxsr, ht, mmx, 3dnowpref, sse, sse2, sse3, ssse3, sse4.1, sse4.2, popcnt, lzcnt, tsc, tscinvbit, avx, avx2, aes, erms, clmul, bmi1, bmi2, adx, sha, fma, vzeroupper, clflush, clflushopt, clwb, hv, serialize, rdtscp, rdpid, fsrm, f16c, cet_ibt, cet_ss
Processor Information for processor 0
  Max Mhz: 2100, Current Mhz: 2100, Mhz Limit: 2100
Processor Information for processor 1
  Max Mhz: 2100, Current Mhz: 2100, Mhz Limit: 2100
Processor Information for processor 2
  Max Mhz: 2100, Current Mhz: 2100, Mhz Limit: 2100
Processor Information for processor 3
  Max Mhz: 2100, Current Mhz: 2100, Mhz Limit: 2100
Processor Information for processor 4
  Max Mhz: 2100, Current Mhz: 2100, Mhz Limit: 2100
Processor Information for processor 5
  Max Mhz: 2100, Current Mhz: 2100, Mhz Limit: 2100
Processor Information for processor 6
  Max Mhz: 2100, Current Mhz: 2100, Mhz Limit: 2100
Processor Information for processor 7
  Max Mhz: 2100, Current Mhz: 1453, Mhz Limit: 2100
Processor Information for processor 8
  Max Mhz: 2100, Current Mhz: 2100, Mhz Limit: 2100
Processor Information for processor 9
  Max Mhz: 2100, Current Mhz: 2100, Mhz Limit: 2100
Processor Information for processor 10
  Max Mhz: 2100, Current Mhz: 2100, Mhz Limit: 2100
Processor Information for processor 11
  Max Mhz: 2100, Current Mhz: 1540, Mhz Limit: 2100

Memory: 4k page, system-wide physical 16024M (2187M free)
TotalPageFile size 18164M (AvailPageFile size 80M)
current process WorkingSet (physical memory assigned to process): 276M, peak: 357M
current process commit charge ("private bytes"): 300M, peak: 812M

vm_info: OpenJDK 64-Bit Server VM (21.0.1+12-LTS) for windows-amd64 JRE (21.0.1+12-LTS), built on 2023-10-17T00:00:00Z by "admin" with unknown MS VC++:1937

END.
