#-----------------------------------------------------------
# Vivado v2024.1.2 (64-bit)
# SW Build 5164865 on Thu Sep  5 14:37:11 MDT 2024
# IP Build 5164407 on Fri Sep  6 08:18:11 MDT 2024
# SharedData Build 5164864 on Thu Sep 05 13:09:09 MDT 2024
# Start of session at: Sat May 30 15:58:06 2026
# Process ID: 21628
# Current directory: D:/ASYNC_FIFO_PROJECT/FIFO
# Command line: vivado.exe -gui_launcher_event rodinguilauncherevent16572 D:\ASYNC_FIFO_PROJECT\FIFO\FIFO.xpr
# Log file: D:/ASYNC_FIFO_PROJECT/FIFO/vivado.log
# Journal file: D:/ASYNC_FIFO_PROJECT/FIFO\vivado.jou
# Running On        :LAPTOP-U5OJM2UT
# Platform          :Windows Server 2016 or Windows 10
# Operating System  :26100
# Processor Detail  :13th Gen Intel(R) Core(TM) i5-13420H
# CPU Frequency     :2611 MHz
# CPU Physical cores:8
# CPU Logical cores :12
# Host memory       :16802 MB
# Swap memory       :2243 MB
# Total Virtual     :19046 MB
# Available Virtual :2047 MB
#-----------------------------------------------------------
start_gui
open_project D:/ASYNC_FIFO_PROJECT/FIFO/FIFO.xpr
update_compile_order -fileset sources_1
launch_simulation
source async_fifo_tb.tcl
reset_run synth_1
launch_runs synth_1 -jobs 6
wait_on_run synth_1
